2026-08-20 16:12:00 INFO File uploaded
2026-08-20 18:06:00 INFO Request completed
2026-08-20 15:57:00 INFO Request completed
2026-08-20 17:30:00 INFO Data processing started
2026-08-20 09:25:00 WARN Disk space is getting low
2026-08-20 19:07:00 INFO Request completed
2026-08-20 16:01:00 WARN Too many requests
2026-08-20 18:50:00 WARN Slow response detected
2026-08-20 15:03:00 INFO Data processing started
2026-08-20 15:22:00 WARN Memory usage is high
2026-08-20 13:53:00 INFO Data processing started
2026-08-20 08:31:00 INFO Request completed
2026-08-20 17:34:00 ERROR Database connection failed
2026-08-20 17:54:00 INFO File uploaded
2026-08-20 10:24:00 ERROR Database connection failed
2026-08-20 09:51:00 WARN Too many requests
2026-08-20 11:36:00 INFO Request completed
2026-08-20 17:37:00 INFO File uploaded
2026-08-20 15:44:00 INFO User logged out
2026-08-20 15:48:00 INFO User logged out
2026-08-20 17:21:00 INFO Data processing started
2026-08-20 11:19:00 ERROR Database connection failed
2026-08-20 13:50:00 INFO User logged in
2026-08-20 18:03:00 WARN Too many requests
2026-08-20 19:49:00 INFO User logged in
2026-08-20 09:25:00 INFO User logged in
2026-08-20 15:36:00 INFO User logged in
2026-08-20 19:19:00 INFO Request completed
2026-08-20 17:54:00 INFO User logged out
2026-08-20 14:12:00 INFO User logged out
2026-08-20 14:11:00 ERROR Database connection failed
2026-08-20 17:18:00 WARN Too many requests
2026-08-20 14:20:00 INFO Data processing started
2026-08-20 09:30:00 WARN Memory usage is high
2026-08-20 16:38:00 ERROR Database connection failed
2026-08-20 19:22:00 ERROR Server timeout
2026-08-20 14:13:00 INFO User logged out
2026-08-20 10:24:00 INFO File uploaded
2026-08-20 09:04:00 INFO Data processing started
2026-08-20 10:24:00 INFO File uploaded
2026-08-20 18:22:00 WARN Disk space is getting low
2026-08-20 17:30:00 INFO Request completed
2026-08-20 16:03:00 ERROR Authentication failed
2026-08-20 12:47:00 WARN Too many requests
2026-08-20 12:31:00 INFO Data processing started
2026-08-20 18:19:00 INFO Data processing started
2026-08-20 16:08:00 INFO Request completed
2026-08-20 16:29:00 INFO Data processing started
2026-08-20 08:30:00 WARN Disk space is getting low
2026-08-20 12:54:00 INFO User logged in
2026-08-20 10:46:00 INFO Request completed
2026-08-20 11:35:00 INFO Data processing started
2026-08-20 10:22:00 INFO User logged out
2026-08-20 12:16:00 WARN Slow response detected
2026-08-20 14:23:00 INFO File uploaded
2026-08-20 19:07:00 INFO Data processing started
2026-08-20 13:09:00 INFO User logged out
2026-08-20 10:50:00 INFO Data processing started
2026-08-20 10:03:00 WARN Memory usage is high
2026-08-20 12:13:00 INFO Data processing started
2026-08-20 18:04:00 INFO User logged out
2026-08-20 12:38:00 ERROR Server timeout
2026-08-20 18:32:00 ERROR File not found
2026-08-20 13:14:00 INFO Data processing started
2026-08-20 14:27:00 ERROR Authentication failed
2026-08-20 08:14:00 INFO Data processing started
2026-08-20 09:30:00 INFO File uploaded
2026-08-20 12:11:00 INFO User logged out
2026-08-20 10:11:00 INFO Request completed
2026-08-20 09:27:00 INFO Request completed
2026-08-20 18:29:00 ERROR Server timeout
2026-08-20 17:47:00 ERROR Database connection failed
2026-08-20 11:05:00 ERROR Database connection failed
2026-08-20 19:18:00 WARN Disk space is getting low
2026-08-20 08:47:00 ERROR Authentication failed
2026-08-20 17:33:00 INFO User logged out
2026-08-20 17:35:00 INFO Request completed
2026-08-20 11:17:00 INFO File uploaded
2026-08-20 15:53:00 INFO User logged out
2026-08-20 19:15:00 ERROR Database connection failed
2026-08-20 09:50:00 INFO Request completed
2026-08-20 16:59:00 INFO Data processing started
2026-08-20 09:32:00 INFO User logged in
2026-08-20 15:27:00 INFO Data processing started
2026-08-20 10:06:00 ERROR Server timeout
2026-08-20 16:40:00 INFO File uploaded
2026-08-20 13:32:00 WARN Memory usage is high
2026-08-20 11:20:00 INFO User logged in
2026-08-20 09:52:00 INFO File uploaded
2026-08-20 16:55:00 INFO File uploaded
2026-08-20 08:31:00 INFO User logged out
2026-08-20 12:36:00 INFO Data processing started
2026-08-20 09:37:00 INFO File uploaded
2026-08-20 08:56:00 INFO Data processing started
2026-08-20 13:13:00 INFO User logged out
2026-08-20 10:36:00 INFO File uploaded
2026-08-20 14:36:00 WARN Slow response detected
2026-08-20 19:26:00 INFO Data processing started
2026-08-20 17:22:00 INFO User logged out
2026-08-20 10:08:00 INFO User logged out
2026-08-20 15:37:00 INFO User logged in
2026-08-20 16:05:00 INFO Request completed
2026-08-20 18:38:00 INFO File uploaded
2026-08-20 10:31:00 INFO Data processing started
2026-08-20 09:22:00 INFO Data processing started
2026-08-20 14:04:00 INFO Data processing started
2026-08-20 14:33:00 ERROR Database connection failed
2026-08-20 18:11:00 WARN Memory usage is high
2026-08-20 10:38:00 INFO User logged in
2026-08-20 17:47:00 ERROR Database connection failed
2026-08-20 18:39:00 INFO Request completed
2026-08-20 17:19:00 INFO Data processing started
2026-08-20 18:37:00 INFO File uploaded
2026-08-20 16:20:00 WARN Too many requests
2026-08-20 14:54:00 ERROR Authentication failed
2026-08-20 13:48:00 INFO User logged out
2026-08-20 08:34:00 INFO Request completed
2026-08-20 19:20:00 ERROR Server timeout
2026-08-20 10:23:00 INFO Request completed
2026-08-20 15:27:00 WARN Slow response detected
2026-08-20 13:15:00 INFO Data processing started
2026-08-20 12:58:00 INFO User logged out
2026-08-20 10:48:00 INFO User logged in
2026-08-20 15:30:00 INFO User logged out
2026-08-20 19:11:00 WARN Memory usage is high
2026-08-20 14:29:00 WARN Slow response detected
2026-08-20 19:16:00 INFO File uploaded
2026-08-20 11:00:00 INFO User logged out
2026-08-20 08:58:00 INFO Data processing started
2026-08-20 19:43:00 INFO User logged out
2026-08-20 15:46:00 INFO User logged in
2026-08-20 17:15:00 INFO User logged out
2026-08-20 15:31:00 ERROR Server timeout
2026-08-20 09:03:00 INFO User logged in
2026-08-20 09:24:00 ERROR File not found
2026-08-20 13:58:00 ERROR Server timeout
2026-08-20 12:00:00 WARN Disk space is getting low
2026-08-20 18:05:00 WARN Disk space is getting low
2026-08-20 16:29:00 INFO Data processing started
2026-08-20 14:41:00 INFO Request completed
2026-08-20 19:10:00 ERROR Server timeout
2026-08-20 14:43:00 ERROR Authentication failed
2026-08-20 15:52:00 ERROR Authentication failed
2026-08-20 10:05:00 WARN Too many requests
2026-08-20 10:28:00 ERROR Database connection failed
2026-08-20 10:14:00 INFO Data processing started
2026-08-20 13:08:00 INFO User logged in
2026-08-20 08:48:00 INFO User logged out
2026-08-20 14:38:00 INFO Request completed
2026-08-20 10:03:00 WARN Disk space is getting low
2026-08-20 17:13:00 INFO Data processing started
2026-08-20 10:42:00 INFO Request completed
2026-08-20 16:38:00 ERROR Database connection failed
2026-08-20 16:07:00 INFO User logged in
2026-08-20 14:11:00 WARN Memory usage is high
2026-08-20 10:02:00 WARN Disk space is getting low
2026-08-20 16:54:00 INFO Data processing started
2026-08-20 11:56:00 INFO Request completed
2026-08-20 10:05:00 INFO Request completed
2026-08-20 19:25:00 INFO User logged in
2026-08-20 17:15:00 INFO Request completed
2026-08-20 09:45:00 INFO User logged out
2026-08-20 13:18:00 INFO User logged in
2026-08-20 12:01:00 INFO File uploaded
2026-08-20 15:12:00 WARN Memory usage is high
2026-08-20 19:14:00 INFO User logged out
2026-08-20 13:07:00 WARN Slow response detected
2026-08-20 16:19:00 INFO User logged in
2026-08-20 09:57:00 INFO User logged out
2026-08-20 14:20:00 INFO User logged in
2026-08-20 13:25:00 ERROR Database connection failed
2026-08-20 16:04:00 INFO Data processing started
2026-08-20 10:02:00 INFO User logged out
2026-08-20 15:45:00 ERROR Authentication failed
2026-08-20 17:53:00 INFO Data processing started
2026-08-20 15:10:00 INFO Data processing started
2026-08-20 16:08:00 INFO Request completed
2026-08-20 18:43:00 INFO User logged out
2026-08-20 15:36:00 ERROR File not found
2026-08-20 15:29:00 ERROR Database connection failed
2026-08-20 14:07:00 INFO Data processing started
2026-08-20 13:30:00 ERROR Database connection failed
2026-08-20 08:31:00 INFO User logged in
2026-08-20 09:36:00 INFO Request completed
2026-08-20 08:16:00 ERROR File not found
2026-08-20 10:46:00 INFO User logged out
2026-08-20 16:41:00 WARN Disk space is getting low
2026-08-20 18:13:00 INFO User logged out
2026-08-20 17:39:00 INFO User logged in
2026-08-20 14:09:00 WARN Disk space is getting low
2026-08-20 16:11:00 WARN Too many requests
2026-08-20 15:48:00 WARN Too many requests
2026-08-20 17:56:00 INFO File uploaded
2026-08-20 18:24:00 INFO User logged out
2026-08-20 16:01:00 INFO Request completed
2026-08-20 13:05:00 INFO User logged out
2026-08-20 19:17:00 INFO User logged out
2026-08-20 11:55:00 INFO Data processing started
2026-08-20 09:36:00 ERROR Authentication failed
2026-08-20 19:21:00 INFO Request completed
2026-08-20 18:23:00 INFO Request completed
2026-08-20 12:12:00 INFO User logged in
2026-08-20 11:33:00 INFO User logged in
2026-08-20 15:11:00 INFO File uploaded
2026-08-20 13:52:00 INFO File uploaded
2026-08-20 19:34:00 ERROR Database connection failed
2026-08-20 09:56:00 INFO Data processing started
2026-08-20 15:24:00 INFO File uploaded
2026-08-20 14:18:00 INFO Data processing started
2026-08-20 17:08:00 INFO File uploaded
2026-08-20 12:31:00 WARN Slow response detected
2026-08-20 14:24:00 INFO Request completed
2026-08-20 09:09:00 INFO Request completed
2026-08-20 10:34:00 INFO File uploaded
2026-08-20 12:43:00 INFO Request completed
2026-08-20 14:01:00 WARN Too many requests
2026-08-20 15:49:00 ERROR Server timeout
2026-08-20 12:18:00 INFO Data processing started
2026-08-20 17:11:00 INFO File uploaded
2026-08-20 08:33:00 WARN Disk space is getting low
2026-08-20 09:43:00 WARN Memory usage is high
2026-08-20 17:22:00 WARN Disk space is getting low
2026-08-20 14:25:00 ERROR Database connection failed
2026-08-20 17:27:00 INFO Request completed
2026-08-20 12:31:00 ERROR Authentication failed
2026-08-20 17:02:00 ERROR Database connection failed
2026-08-20 09:55:00 ERROR Authentication failed
2026-08-20 08:50:00 ERROR File not found
2026-08-20 16:53:00 ERROR Database connection failed
2026-08-20 08:32:00 INFO Data processing started
2026-08-20 17:13:00 INFO User logged in
2026-08-20 15:01:00 ERROR Database connection failed
2026-08-20 14:25:00 INFO Request completed
2026-08-20 17:15:00 WARN Slow response detected
2026-08-20 11:36:00 INFO User logged out
2026-08-20 16:56:00 INFO Data processing started
2026-08-20 12:47:00 WARN Too many requests
2026-08-20 18:03:00 INFO User logged out
2026-08-20 14:54:00 INFO User logged out
2026-08-20 18:31:00 INFO Data processing started
2026-08-20 08:22:00 INFO File uploaded
2026-08-20 14:30:00 INFO Data processing started
2026-08-20 15:15:00 INFO File uploaded
2026-08-20 11:57:00 INFO Data processing started
2026-08-20 09:38:00 INFO Request completed
2026-08-20 19:23:00 WARN Slow response detected
2026-08-20 11:00:00 INFO Request completed
2026-08-20 16:58:00 WARN Slow response detected
2026-08-20 09:28:00 INFO Data processing started
2026-08-20 19:20:00 ERROR Server timeout
