2026-08-20 18:07:00 INFO Request completed
2026-08-20 11:20:00 INFO File uploaded
2026-08-20 11:59:00 INFO User logged in
2026-08-20 14:41:00 ERROR Server timeout
2026-08-20 17:56:00 INFO File uploaded
2026-08-20 10:45:00 ERROR Database connection failed
2026-08-20 15:35:00 ERROR Authentication failed
2026-08-20 13:10:00 WARN Slow response detected
2026-08-20 16:12:00 WARN Memory usage is high
2026-08-20 18:22:00 INFO User logged in
2026-08-20 08:29:00 ERROR File not found
2026-08-20 10:47:00 WARN Disk space is getting low
2026-08-20 15:55:00 INFO Request completed
2026-08-20 13:05:00 INFO User logged out
2026-08-20 12:15:00 INFO Data processing started
2026-08-20 17:13:00 INFO Data processing started
2026-08-20 11:24:00 INFO User logged in
2026-08-20 15:42:00 INFO File uploaded
2026-08-20 09:02:00 INFO Data processing started
2026-08-20 08:50:00 WARN Slow response detected
2026-08-20 17:52:00 INFO Data processing started
2026-08-20 16:48:00 INFO User logged in
2026-08-20 08:57:00 ERROR Authentication failed
2026-08-20 18:31:00 INFO Request completed
2026-08-20 13:02:00 WARN Too many requests
2026-08-20 15:00:00 INFO User logged out
2026-08-20 18:48:00 INFO User logged out
2026-08-20 15:54:00 WARN Too many requests
2026-08-20 17:22:00 ERROR Authentication failed
2026-08-20 09:53:00 WARN Disk space is getting low
2026-08-20 15:36:00 INFO User logged in
2026-08-20 15:53:00 ERROR Database connection failed
2026-08-20 08:43:00 INFO File uploaded
2026-08-20 15:29:00 INFO User logged out
2026-08-20 15:51:00 WARN Slow response detected
2026-08-20 17:58:00 ERROR File not found
2026-08-20 10:41:00 INFO User logged out
2026-08-20 15:36:00 INFO Data processing started
2026-08-20 19:18:00 INFO User logged out
2026-08-20 16:21:00 INFO File uploaded
2026-08-20 09:33:00 INFO File uploaded
2026-08-20 12:17:00 INFO User logged in
2026-08-20 10:49:00 INFO User logged out
2026-08-20 14:13:00 WARN Too many requests
2026-08-20 12:06:00 INFO File uploaded
2026-08-20 11:43:00 WARN Too many requests
2026-08-20 10:38:00 ERROR Server timeout
2026-08-20 18:32:00 INFO File uploaded
2026-08-20 14:09:00 INFO File uploaded
2026-08-20 08:23:00 INFO Request completed
2026-08-20 16:27:00 INFO User logged out
2026-08-20 13:27:00 INFO Data processing started
2026-08-20 19:36:00 INFO User logged out
2026-08-20 10:11:00 ERROR Database connection failed
2026-08-20 16:48:00 INFO Request completed
2026-08-20 16:50:00 INFO Data processing started
2026-08-20 19:36:00 INFO User logged in
2026-08-20 14:49:00 WARN Memory usage is high
2026-08-20 16:06:00 ERROR Database connection failed
2026-08-20 08:45:00 ERROR Database connection failed
2026-08-20 15:55:00 ERROR File not found
2026-08-20 17:46:00 INFO User logged out
2026-08-20 12:14:00 INFO Data processing started
2026-08-20 12:51:00 WARN Too many requests
2026-08-20 09:32:00 ERROR Database connection failed
2026-08-20 17:56:00 WARN Slow response detected
2026-08-20 10:57:00 INFO User logged out
2026-08-20 09:39:00 WARN Slow response detected
2026-08-20 18:06:00 INFO Request completed
2026-08-20 16:00:00 INFO Request completed
2026-08-20 11:30:00 INFO Request completed
2026-08-20 12:18:00 INFO File uploaded
2026-08-20 08:49:00 ERROR Database connection failed
2026-08-20 15:34:00 INFO Request completed
2026-08-20 19:11:00 INFO User logged in
2026-08-20 14:27:00 ERROR Database connection failed
2026-08-20 10:33:00 WARN Memory usage is high
2026-08-20 18:08:00 INFO User logged out
2026-08-20 09:04:00 WARN Disk space is getting low
2026-08-20 15:51:00 ERROR Server timeout
2026-08-20 15:11:00 INFO User logged out
2026-08-20 16:08:00 INFO User logged out
2026-08-20 14:37:00 INFO User logged in
2026-08-20 16:02:00 WARN Slow response detected
2026-08-20 15:11:00 INFO Request completed
2026-08-20 10:28:00 WARN Too many requests
2026-08-20 15:37:00 INFO User logged in
2026-08-20 10:19:00 INFO Request completed
2026-08-20 16:38:00 INFO Data processing started
2026-08-20 13:56:00 INFO User logged in
2026-08-20 11:56:00 INFO Request completed
2026-08-20 12:05:00 ERROR File not found
2026-08-20 15:38:00 INFO User logged out
2026-08-20 12:59:00 WARN Too many requests
2026-08-20 14:23:00 INFO User logged out
2026-08-20 16:13:00 INFO User logged out
2026-08-20 12:25:00 INFO Data processing started
2026-08-20 16:17:00 INFO File uploaded
2026-08-20 17:10:00 INFO User logged out
2026-08-20 19:51:00 WARN Memory usage is high
2026-08-20 15:28:00 ERROR Database connection failed
2026-08-20 12:24:00 ERROR File not found
2026-08-20 14:20:00 INFO File uploaded
2026-08-20 17:21:00 INFO User logged in
2026-08-20 15:56:00 ERROR Database connection failed
2026-08-20 18:15:00 ERROR Database connection failed
2026-08-20 15:41:00 INFO Request completed
2026-08-20 15:42:00 INFO File uploaded
2026-08-20 09:13:00 INFO Request completed
2026-08-20 16:52:00 WARN Memory usage is high
2026-08-20 13:06:00 INFO Request completed
2026-08-20 15:49:00 INFO Request completed
2026-08-20 18:03:00 ERROR Database connection failed
2026-08-20 14:59:00 INFO Request completed
2026-08-20 16:06:00 WARN Disk space is getting low
2026-08-20 09:46:00 INFO User logged in
2026-08-20 10:32:00 WARN Disk space is getting low
2026-08-20 19:20:00 INFO File uploaded
2026-08-20 17:50:00 INFO File uploaded
2026-08-20 09:55:00 INFO File uploaded
2026-08-20 14:05:00 INFO File uploaded
2026-08-20 17:11:00 INFO Data processing started
2026-08-20 15:19:00 INFO Request completed
2026-08-20 16:12:00 INFO File uploaded
2026-08-20 17:31:00 WARN Disk space is getting low
2026-08-20 16:18:00 INFO User logged in
2026-08-20 11:48:00 INFO User logged out
2026-08-20 16:29:00 INFO User logged in
2026-08-20 14:03:00 INFO User logged out
2026-08-20 08:21:00 INFO User logged out
2026-08-20 15:58:00 INFO File uploaded
2026-08-20 11:45:00 WARN Memory usage is high
2026-08-20 09:57:00 INFO Data processing started
2026-08-20 11:52:00 WARN Memory usage is high
2026-08-20 18:56:00 INFO Request completed
2026-08-20 12:51:00 INFO User logged in
2026-08-20 11:54:00 ERROR File not found
2026-08-20 19:37:00 ERROR Server timeout
2026-08-20 19:10:00 INFO User logged in
2026-08-20 10:23:00 ERROR Server timeout
2026-08-20 16:24:00 INFO User logged out
2026-08-20 13:10:00 INFO Request completed
2026-08-20 09:15:00 INFO User logged in
2026-08-20 19:12:00 ERROR Authentication failed
2026-08-20 10:13:00 INFO User logged in
2026-08-20 11:39:00 WARN Slow response detected
2026-08-20 10:02:00 INFO User logged in
2026-08-20 14:28:00 INFO Request completed
2026-08-20 11:13:00 INFO Request completed
2026-08-20 17:11:00 INFO User logged out
2026-08-20 17:07:00 WARN Too many requests
2026-08-20 08:32:00 INFO Data processing started
2026-08-20 10:38:00 INFO Data processing started
2026-08-20 14:12:00 ERROR Server timeout
2026-08-20 19:50:00 INFO Request completed
2026-08-20 14:25:00 WARN Memory usage is high
2026-08-20 16:50:00 INFO Request completed
2026-08-20 17:10:00 WARN Slow response detected
2026-08-20 17:16:00 INFO User logged out
2026-08-20 10:14:00 INFO User logged in
2026-08-20 12:43:00 INFO Request completed
2026-08-20 16:27:00 INFO Data processing started
2026-08-20 18:35:00 INFO Data processing started
2026-08-20 17:58:00 ERROR Database connection failed
2026-08-20 08:09:00 ERROR Database connection failed
2026-08-20 17:19:00 WARN Memory usage is high
2026-08-20 08:14:00 INFO User logged out
2026-08-20 19:21:00 INFO User logged in
2026-08-20 10:37:00 ERROR Authentication failed
2026-08-20 16:18:00 INFO File uploaded
2026-08-20 13:25:00 INFO File uploaded
2026-08-20 09:10:00 INFO Data processing started
2026-08-20 19:07:00 ERROR Database connection failed
2026-08-20 10:28:00 ERROR Database connection failed
2026-08-20 12:32:00 WARN Memory usage is high
2026-08-20 15:06:00 WARN Disk space is getting low
2026-08-20 19:26:00 INFO Data processing started
2026-08-20 17:16:00 INFO File uploaded
2026-08-20 10:06:00 WARN Too many requests
2026-08-20 11:43:00 WARN Slow response detected
2026-08-20 16:12:00 ERROR File not found
2026-08-20 17:21:00 WARN Disk space is getting low
2026-08-20 11:17:00 INFO Data processing started
2026-08-20 18:31:00 WARN Slow response detected
2026-08-20 17:17:00 INFO Request completed
2026-08-20 13:42:00 INFO Request completed
2026-08-20 16:29:00 WARN Memory usage is high
2026-08-20 17:23:00 WARN Slow response detected
2026-08-20 10:12:00 INFO File uploaded
2026-08-20 11:26:00 ERROR Server timeout
2026-08-20 13:03:00 INFO User logged out
2026-08-20 10:02:00 INFO User logged in
2026-08-20 18:45:00 INFO Data processing started
2026-08-20 17:46:00 INFO User logged in
2026-08-20 12:46:00 INFO User logged out
2026-08-20 15:34:00 INFO User logged out
2026-08-20 12:44:00 INFO User logged out
2026-08-20 14:18:00 ERROR Database connection failed
2026-08-20 09:33:00 INFO User logged out
2026-08-20 16:21:00 ERROR Authentication failed
2026-08-20 10:20:00 INFO User logged out
2026-08-20 11:43:00 INFO User logged in
2026-08-20 18:34:00 INFO Data processing started
2026-08-20 19:57:00 INFO User logged out
2026-08-20 09:42:00 INFO File uploaded
2026-08-20 12:45:00 INFO File uploaded
2026-08-20 15:59:00 INFO Data processing started
2026-08-20 14:53:00 INFO User logged out
2026-08-20 17:58:00 INFO Request completed
2026-08-20 11:58:00 ERROR Server timeout
2026-08-20 08:56:00 INFO User logged in
2026-08-20 14:58:00 ERROR Authentication failed
2026-08-20 10:59:00 WARN Memory usage is high
2026-08-20 12:08:00 INFO User logged out
2026-08-20 11:44:00 WARN Memory usage is high
2026-08-20 11:11:00 INFO Data processing started
2026-08-20 19:22:00 WARN Memory usage is high
2026-08-20 19:02:00 INFO User logged in
2026-08-20 15:56:00 INFO Request completed
2026-08-20 18:18:00 WARN Slow response detected
2026-08-20 17:01:00 WARN Memory usage is high
2026-08-20 12:32:00 INFO Data processing started
2026-08-20 17:09:00 INFO User logged out
2026-08-20 20:00:00 INFO Data processing started
2026-08-20 14:07:00 INFO User logged in
2026-08-20 09:49:00 INFO User logged in
2026-08-20 09:15:00 INFO Request completed
2026-08-20 15:50:00 INFO User logged out
2026-08-20 11:25:00 INFO User logged in
2026-08-20 16:29:00 ERROR Database connection failed
2026-08-20 18:31:00 ERROR Database connection failed
2026-08-20 10:49:00 INFO User logged out
2026-08-20 10:41:00 INFO User logged in
2026-08-20 18:29:00 WARN Too many requests
2026-08-20 11:19:00 INFO Request completed
2026-08-20 10:43:00 INFO File uploaded
2026-08-20 16:39:00 WARN Slow response detected
2026-08-20 17:03:00 INFO User logged in
2026-08-20 18:07:00 ERROR File not found
2026-08-20 17:01:00 INFO User logged out
2026-08-20 11:57:00 ERROR Server timeout
2026-08-20 19:03:00 INFO Request completed
2026-08-20 16:01:00 INFO Data processing started
2026-08-20 11:34:00 INFO Data processing started
2026-08-20 16:30:00 INFO Data processing started
2026-08-20 08:43:00 ERROR Database connection failed
2026-08-20 09:19:00 WARN Memory usage is high
2026-08-20 15:55:00 INFO User logged in
2026-08-20 09:51:00 INFO File uploaded
2026-08-20 18:30:00 INFO User logged in
